[29-Sep-2026 03:11:30 Asia/Tashkent] PHP Warning:  Undefined variable $u in /home/a1274454/domains/bizon-academy.ru/public_html/payment.php on line 128
[29-Sep-2026 03:11:30 Asia/Tashkent] PHP Warning:  Trying to access array offset on null in /home/a1274454/domains/bizon-academy.ru/public_html/payment.php on line 128
[29-Sep-2026 03:11:30 Asia/Tashkent] PHP Warning:  Undefined variable $u in /home/a1274454/domains/bizon-academy.ru/public_html/payment.php on line 129
[29-Sep-2026 03:11:30 Asia/Tashkent] PHP Warning:  Trying to access array offset on null in /home/a1274454/domains/bizon-academy.ru/public_html/payment.php on line 129
[29-Sep-2026 03:11:39 Asia/Tashkent] PHP Warning:  Undefined variable $u in /home/a1274454/domains/bizon-academy.ru/public_html/payment.php on line 128
[29-Sep-2026 03:11:39 Asia/Tashkent] PHP Warning:  Trying to access array offset on null in /home/a1274454/domains/bizon-academy.ru/public_html/payment.php on line 128
[29-Sep-2026 03:11:39 Asia/Tashkent] PHP Warning:  Undefined variable $u in /home/a1274454/domains/bizon-academy.ru/public_html/payment.php on line 129
[29-Sep-2026 03:11:39 Asia/Tashkent] PHP Warning:  Trying to access array offset on null in /home/a1274454/domains/bizon-academy.ru/public_html/payment.php on line 129
[29-Sep-2026 03:11:48 Asia/Tashkent] PHP Warning:  Undefined variable $u in /home/a1274454/domains/bizon-academy.ru/public_html/payment.php on line 128
[29-Sep-2026 03:11:48 Asia/Tashkent] PHP Warning:  Trying to access array offset on null in /home/a1274454/domains/bizon-academy.ru/public_html/payment.php on line 128
[29-Sep-2026 03:11:48 Asia/Tashkent] PHP Warning:  Undefined variable $u in /home/a1274454/domains/bizon-academy.ru/public_html/payment.php on line 129
[29-Sep-2026 03:11:48 Asia/Tashkent] PHP Warning:  Trying to access array offset on null in /home/a1274454/domains/bizon-academy.ru/public_html/payment.php on line 129
[29-Sep-2026 23:30:11 Asia/Tashkent] PHP Fatal error:  Uncaught Error: Call to undefined function get_payment() in /home/a1274454/domains/bizon-academy.ru/public_html/api/payram-create.php:41
Stack trace:
#0 {main}
  thrown in /home/a1274454/domains/bizon-academy.ru/public_html/api/payram-create.php on line 41
[29-Sep-2026 23:52:46 Asia/Tashkent] PHP Deprecated:  Function curl_close() is deprecated since 8.5, as it has no effect since PHP 8.0 in /home/a1274454/domains/bizon-academy.ru/public_html/includes/payram.php on line 51
[29-Sep-2026 23:52:49 Asia/Tashkent] PHP Deprecated:  Function curl_close() is deprecated since 8.5, as it has no effect since PHP 8.0 in /home/a1274454/domains/bizon-academy.ru/public_html/includes/payram.php on line 51
[29-Sep-2026 23:52:54 Asia/Tashkent] PHP Deprecated:  Function curl_close() is deprecated since 8.5, as it has no effect since PHP 8.0 in /home/a1274454/domains/bizon-academy.ru/public_html/includes/payram.php on line 51
[29-Sep-2026 23:52:58 Asia/Tashkent] PHP Deprecated:  Function curl_close() is deprecated since 8.5, as it has no effect since PHP 8.0 in /home/a1274454/domains/bizon-academy.ru/public_html/includes/payram.php on line 51
[29-Sep-2026 23:53:05 Asia/Tashkent] PHP Deprecated:  Function curl_close() is deprecated since 8.5, as it has no effect since PHP 8.0 in /home/a1274454/domains/bizon-academy.ru/public_html/includes/payram.php on line 51
[29-Sep-2026 23:53:08 Asia/Tashkent] PHP Deprecated:  Function curl_close() is deprecated since 8.5, as it has no effect since PHP 8.0 in /home/a1274454/domains/bizon-academy.ru/public_html/includes/payram.php on line 51
[29-Sep-2026 23:53:13 Asia/Tashkent] PHP Deprecated:  Function curl_close() is deprecated since 8.5, as it has no effect since PHP 8.0 in /home/a1274454/domains/bizon-academy.ru/public_html/includes/payram.php on line 51
[29-Sep-2026 23:53:18 Asia/Tashkent] PHP Deprecated:  Function curl_close() is deprecated since 8.5, as it has no effect since PHP 8.0 in /home/a1274454/domains/bizon-academy.ru/public_html/includes/payram.php on line 51
[29-Sep-2026 23:53:23 Asia/Tashkent] PHP Deprecated:  Function curl_close() is deprecated since 8.5, as it has no effect since PHP 8.0 in /home/a1274454/domains/bizon-academy.ru/public_html/includes/payram.php on line 51
[29-Sep-2026 23:53:29 Asia/Tashkent] PHP Deprecated:  Function curl_close() is deprecated since 8.5, as it has no effect since PHP 8.0 in /home/a1274454/domains/bizon-academy.ru/public_html/includes/payram.php on line 51
[29-Sep-2026 23:53:33 Asia/Tashkent] PHP Deprecated:  Function curl_close() is deprecated since 8.5, as it has no effect since PHP 8.0 in /home/a1274454/domains/bizon-academy.ru/public_html/includes/payram.php on line 51
[29-Sep-2026 23:53:38 Asia/Tashkent] PHP Deprecated:  Function curl_close() is deprecated since 8.5, as it has no effect since PHP 8.0 in /home/a1274454/domains/bizon-academy.ru/public_html/includes/payram.php on line 51
[29-Sep-2026 23:53:43 Asia/Tashkent] PHP Deprecated:  Function curl_close() is deprecated since 8.5, as it has no effect since PHP 8.0 in /home/a1274454/domains/bizon-academy.ru/public_html/includes/payram.php on line 51
[29-Sep-2026 23:53:49 Asia/Tashkent] PHP Deprecated:  Function curl_close() is deprecated since 8.5, as it has no effect since PHP 8.0 in /home/a1274454/domains/bizon-academy.ru/public_html/includes/payram.php on line 51
[29-Sep-2026 23:53:53 Asia/Tashkent] PHP Deprecated:  Function curl_close() is deprecated since 8.5, as it has no effect since PHP 8.0 in /home/a1274454/domains/bizon-academy.ru/public_html/includes/payram.php on line 51
[29-Sep-2026 23:53:59 Asia/Tashkent] PHP Deprecated:  Function curl_close() is deprecated since 8.5, as it has no effect since PHP 8.0 in /home/a1274454/domains/bizon-academy.ru/public_html/includes/payram.php on line 51
[29-Sep-2026 23:54:03 Asia/Tashkent] PHP Deprecated:  Function curl_close() is deprecated since 8.5, as it has no effect since PHP 8.0 in /home/a1274454/domains/bizon-academy.ru/public_html/includes/payram.php on line 51
[29-Sep-2026 23:54:09 Asia/Tashkent] PHP Deprecated:  Function curl_close() is deprecated since 8.5, as it has no effect since PHP 8.0 in /home/a1274454/domains/bizon-academy.ru/public_html/includes/payram.php on line 51
[29-Sep-2026 23:54:14 Asia/Tashkent] PHP Deprecated:  Function curl_close() is deprecated since 8.5, as it has no effect since PHP 8.0 in /home/a1274454/domains/bizon-academy.ru/public_html/includes/payram.php on line 51
[29-Sep-2026 23:54:19 Asia/Tashkent] PHP Deprecated:  Function curl_close() is deprecated since 8.5, as it has no effect since PHP 8.0 in /home/a1274454/domains/bizon-academy.ru/public_html/includes/payram.php on line 51
[29-Sep-2026 23:54:24 Asia/Tashkent] PHP Deprecated:  Function curl_close() is deprecated since 8.5, as it has no effect since PHP 8.0 in /home/a1274454/domains/bizon-academy.ru/public_html/includes/payram.php on line 51
[29-Sep-2026 23:54:29 Asia/Tashkent] PHP Deprecated:  Function curl_close() is deprecated since 8.5, as it has no effect since PHP 8.0 in /home/a1274454/domains/bizon-academy.ru/public_html/includes/payram.php on line 51
[29-Sep-2026 23:54:37 Asia/Tashkent] PHP Deprecated:  Function curl_close() is deprecated since 8.5, as it has no effect since PHP 8.0 in /home/a1274454/domains/bizon-academy.ru/public_html/includes/payram.php on line 51
[29-Sep-2026 23:54:39 Asia/Tashkent] PHP Deprecated:  Function curl_close() is deprecated since 8.5, as it has no effect since PHP 8.0 in /home/a1274454/domains/bizon-academy.ru/public_html/includes/payram.php on line 51
[29-Sep-2026 23:54:43 Asia/Tashkent] PHP Deprecated:  Function curl_close() is deprecated since 8.5, as it has no effect since PHP 8.0 in /home/a1274454/domains/bizon-academy.ru/public_html/includes/payram.php on line 51
[29-Sep-2026 23:54:52 Asia/Tashkent] PHP Deprecated:  Function curl_close() is deprecated since 8.5, as it has no effect since PHP 8.0 in /home/a1274454/domains/bizon-academy.ru/public_html/includes/payram.php on line 51
[29-Sep-2026 23:54:54 Asia/Tashkent] PHP Deprecated:  Function curl_close() is deprecated since 8.5, as it has no effect since PHP 8.0 in /home/a1274454/domains/bizon-academy.ru/public_html/includes/payram.php on line 51
[29-Sep-2026 23:54:59 Asia/Tashkent] PHP Deprecated:  Function curl_close() is deprecated since 8.5, as it has no effect since PHP 8.0 in /home/a1274454/domains/bizon-academy.ru/public_html/includes/payram.php on line 51
[29-Sep-2026 23:55:04 Asia/Tashkent] PHP Deprecated:  Function curl_close() is deprecated since 8.5, as it has no effect since PHP 8.0 in /home/a1274454/domains/bizon-academy.ru/public_html/includes/payram.php on line 51
[29-Sep-2026 23:55:09 Asia/Tashkent] PHP Deprecated:  Function curl_close() is deprecated since 8.5, as it has no effect since PHP 8.0 in /home/a1274454/domains/bizon-academy.ru/public_html/includes/payram.php on line 51
[29-Sep-2026 23:55:14 Asia/Tashkent] PHP Deprecated:  Function curl_close() is deprecated since 8.5, as it has no effect since PHP 8.0 in /home/a1274454/domains/bizon-academy.ru/public_html/includes/payram.php on line 51
[29-Sep-2026 23:55:19 Asia/Tashkent] PHP Deprecated:  Function curl_close() is deprecated since 8.5, as it has no effect since PHP 8.0 in /home/a1274454/domains/bizon-academy.ru/public_html/includes/payram.php on line 51
[29-Sep-2026 23:55:24 Asia/Tashkent] PHP Deprecated:  Function curl_close() is deprecated since 8.5, as it has no effect since PHP 8.0 in /home/a1274454/domains/bizon-academy.ru/public_html/includes/payram.php on line 51
[29-Sep-2026 23:55:30 Asia/Tashkent] PHP Deprecated:  Function curl_close() is deprecated since 8.5, as it has no effect since PHP 8.0 in /home/a1274454/domains/bizon-academy.ru/public_html/includes/payram.php on line 51
[29-Sep-2026 23:55:34 Asia/Tashkent] PHP Deprecated:  Function curl_close() is deprecated since 8.5, as it has no effect since PHP 8.0 in /home/a1274454/domains/bizon-academy.ru/public_html/includes/payram.php on line 51
[29-Sep-2026 23:55:39 Asia/Tashkent] PHP Deprecated:  Function curl_close() is deprecated since 8.5, as it has no effect since PHP 8.0 in /home/a1274454/domains/bizon-academy.ru/public_html/includes/payram.php on line 51
[29-Sep-2026 23:55:44 Asia/Tashkent] PHP Deprecated:  Function curl_close() is deprecated since 8.5, as it has no effect since PHP 8.0 in /home/a1274454/domains/bizon-academy.ru/public_html/includes/payram.php on line 51
[29-Sep-2026 23:55:49 Asia/Tashkent] PHP Deprecated:  Function curl_close() is deprecated since 8.5, as it has no effect since PHP 8.0 in /home/a1274454/domains/bizon-academy.ru/public_html/includes/payram.php on line 51
[29-Sep-2026 23:55:54 Asia/Tashkent] PHP Deprecated:  Function curl_close() is deprecated since 8.5, as it has no effect since PHP 8.0 in /home/a1274454/domains/bizon-academy.ru/public_html/includes/payram.php on line 51
[29-Sep-2026 23:55:59 Asia/Tashkent] PHP Deprecated:  Function curl_close() is deprecated since 8.5, as it has no effect since PHP 8.0 in /home/a1274454/domains/bizon-academy.ru/public_html/includes/payram.php on line 51
[29-Sep-2026 23:56:05 Asia/Tashkent] PHP Deprecated:  Function curl_close() is deprecated since 8.5, as it has no effect since PHP 8.0 in /home/a1274454/domains/bizon-academy.ru/public_html/includes/payram.php on line 51
[29-Sep-2026 23:56:09 Asia/Tashkent] PHP Deprecated:  Function curl_close() is deprecated since 8.5, as it has no effect since PHP 8.0 in /home/a1274454/domains/bizon-academy.ru/public_html/includes/payram.php on line 51
[29-Sep-2026 23:56:14 Asia/Tashkent] PHP Deprecated:  Function curl_close() is deprecated since 8.5, as it has no effect since PHP 8.0 in /home/a1274454/domains/bizon-academy.ru/public_html/includes/payram.php on line 51
[29-Sep-2026 23:56:19 Asia/Tashkent] PHP Deprecated:  Function curl_close() is deprecated since 8.5, as it has no effect since PHP 8.0 in /home/a1274454/domains/bizon-academy.ru/public_html/includes/payram.php on line 51
[29-Sep-2026 23:56:49 Asia/Tashkent] PHP Deprecated:  Function curl_close() is deprecated since 8.5, as it has no effect since PHP 8.0 in /home/a1274454/domains/bizon-academy.ru/public_html/includes/payram.php on line 51
[29-Sep-2026 23:57:08 Asia/Tashkent] PHP Deprecated:  Function curl_close() is deprecated since 8.5, as it has no effect since PHP 8.0 in /home/a1274454/domains/bizon-academy.ru/public_html/includes/payram.php on line 51
[29-Sep-2026 23:57:08 Asia/Tashkent] PHP Deprecated:  Function curl_close() is deprecated since 8.5, as it has no effect since PHP 8.0 in /home/a1274454/domains/bizon-academy.ru/public_html/includes/payram.php on line 51
[29-Sep-2026 23:57:14 Asia/Tashkent] PHP Deprecated:  Function curl_close() is deprecated since 8.5, as it has no effect since PHP 8.0 in /home/a1274454/domains/bizon-academy.ru/public_html/includes/payram.php on line 51
[29-Sep-2026 23:57:19 Asia/Tashkent] PHP Deprecated:  Function curl_close() is deprecated since 8.5, as it has no effect since PHP 8.0 in /home/a1274454/domains/bizon-academy.ru/public_html/includes/payram.php on line 51
[29-Sep-2026 23:57:24 Asia/Tashkent] PHP Deprecated:  Function curl_close() is deprecated since 8.5, as it has no effect since PHP 8.0 in /home/a1274454/domains/bizon-academy.ru/public_html/includes/payram.php on line 51
[29-Sep-2026 23:57:29 Asia/Tashkent] PHP Deprecated:  Function curl_close() is deprecated since 8.5, as it has no effect since PHP 8.0 in /home/a1274454/domains/bizon-academy.ru/public_html/includes/payram.php on line 51
[29-Sep-2026 23:57:34 Asia/Tashkent] PHP Deprecated:  Function curl_close() is deprecated since 8.5, as it has no effect since PHP 8.0 in /home/a1274454/domains/bizon-academy.ru/public_html/includes/payram.php on line 51
[29-Sep-2026 23:57:39 Asia/Tashkent] PHP Deprecated:  Function curl_close() is deprecated since 8.5, as it has no effect since PHP 8.0 in /home/a1274454/domains/bizon-academy.ru/public_html/includes/payram.php on line 51
[29-Sep-2026 23:57:44 Asia/Tashkent] PHP Deprecated:  Function curl_close() is deprecated since 8.5, as it has no effect since PHP 8.0 in /home/a1274454/domains/bizon-academy.ru/public_html/includes/payram.php on line 51
[29-Sep-2026 23:57:50 Asia/Tashkent] PHP Deprecated:  Function curl_close() is deprecated since 8.5, as it has no effect since PHP 8.0 in /home/a1274454/domains/bizon-academy.ru/public_html/includes/payram.php on line 51
[29-Sep-2026 23:57:54 Asia/Tashkent] PHP Deprecated:  Function curl_close() is deprecated since 8.5, as it has no effect since PHP 8.0 in /home/a1274454/domains/bizon-academy.ru/public_html/includes/payram.php on line 51
[29-Sep-2026 23:57:59 Asia/Tashkent] PHP Deprecated:  Function curl_close() is deprecated since 8.5, as it has no effect since PHP 8.0 in /home/a1274454/domains/bizon-academy.ru/public_html/includes/payram.php on line 51
[29-Sep-2026 23:58:04 Asia/Tashkent] PHP Deprecated:  Function curl_close() is deprecated since 8.5, as it has no effect since PHP 8.0 in /home/a1274454/domains/bizon-academy.ru/public_html/includes/payram.php on line 51
[29-Sep-2026 23:58:09 Asia/Tashkent] PHP Deprecated:  Function curl_close() is deprecated since 8.5, as it has no effect since PHP 8.0 in /home/a1274454/domains/bizon-academy.ru/public_html/includes/payram.php on line 51
[29-Sep-2026 23:58:49 Asia/Tashkent] PHP Deprecated:  Function curl_close() is deprecated since 8.5, as it has no effect since PHP 8.0 in /home/a1274454/domains/bizon-academy.ru/public_html/includes/payram.php on line 51
[29-Sep-2026 23:59:49 Asia/Tashkent] PHP Deprecated:  Function curl_close() is deprecated since 8.5, as it has no effect since PHP 8.0 in /home/a1274454/domains/bizon-academy.ru/public_html/includes/payram.php on line 51
[30-Sep-2026 00:00:49 Asia/Tashkent] PHP Deprecated:  Function curl_close() is deprecated since 8.5, as it has no effect since PHP 8.0 in /home/a1274454/domains/bizon-academy.ru/public_html/includes/payram.php on line 51
[30-Sep-2026 00:01:49 Asia/Tashkent] PHP Deprecated:  Function curl_close() is deprecated since 8.5, as it has no effect since PHP 8.0 in /home/a1274454/domains/bizon-academy.ru/public_html/includes/payram.php on line 51
[30-Sep-2026 00:02:49 Asia/Tashkent] PHP Deprecated:  Function curl_close() is deprecated since 8.5, as it has no effect since PHP 8.0 in /home/a1274454/domains/bizon-academy.ru/public_html/includes/payram.php on line 51
[30-Sep-2026 00:03:49 Asia/Tashkent] PHP Deprecated:  Function curl_close() is deprecated since 8.5, as it has no effect since PHP 8.0 in /home/a1274454/domains/bizon-academy.ru/public_html/includes/payram.php on line 51
[30-Sep-2026 00:04:49 Asia/Tashkent] PHP Deprecated:  Function curl_close() is deprecated since 8.5, as it has no effect since PHP 8.0 in /home/a1274454/domains/bizon-academy.ru/public_html/includes/payram.php on line 51
[30-Sep-2026 00:05:49 Asia/Tashkent] PHP Deprecated:  Function curl_close() is deprecated since 8.5, as it has no effect since PHP 8.0 in /home/a1274454/domains/bizon-academy.ru/public_html/includes/payram.php on line 51
[30-Sep-2026 00:06:49 Asia/Tashkent] PHP Deprecated:  Function curl_close() is deprecated since 8.5, as it has no effect since PHP 8.0 in /home/a1274454/domains/bizon-academy.ru/public_html/includes/payram.php on line 51
[30-Sep-2026 00:07:49 Asia/Tashkent] PHP Deprecated:  Function curl_close() is deprecated since 8.5, as it has no effect since PHP 8.0 in /home/a1274454/domains/bizon-academy.ru/public_html/includes/payram.php on line 51
[30-Sep-2026 00:08:49 Asia/Tashkent] PHP Deprecated:  Function curl_close() is deprecated since 8.5, as it has no effect since PHP 8.0 in /home/a1274454/domains/bizon-academy.ru/public_html/includes/payram.php on line 51
[30-Sep-2026 00:09:49 Asia/Tashkent] PHP Deprecated:  Function curl_close() is deprecated since 8.5, as it has no effect since PHP 8.0 in /home/a1274454/domains/bizon-academy.ru/public_html/includes/payram.php on line 51
[30-Sep-2026 00:10:50 Asia/Tashkent] PHP Deprecated:  Function curl_close() is deprecated since 8.5, as it has no effect since PHP 8.0 in /home/a1274454/domains/bizon-academy.ru/public_html/includes/payram.php on line 51
[30-Sep-2026 00:11:49 Asia/Tashkent] PHP Deprecated:  Function curl_close() is deprecated since 8.5, as it has no effect since PHP 8.0 in /home/a1274454/domains/bizon-academy.ru/public_html/includes/payram.php on line 51
[30-Sep-2026 00:12:49 Asia/Tashkent] PHP Deprecated:  Function curl_close() is deprecated since 8.5, as it has no effect since PHP 8.0 in /home/a1274454/domains/bizon-academy.ru/public_html/includes/payram.php on line 51
[30-Sep-2026 00:13:49 Asia/Tashkent] PHP Deprecated:  Function curl_close() is deprecated since 8.5, as it has no effect since PHP 8.0 in /home/a1274454/domains/bizon-academy.ru/public_html/includes/payram.php on line 51
[30-Sep-2026 00:14:49 Asia/Tashkent] PHP Deprecated:  Function curl_close() is deprecated since 8.5, as it has no effect since PHP 8.0 in /home/a1274454/domains/bizon-academy.ru/public_html/includes/payram.php on line 51
[30-Sep-2026 00:15:49 Asia/Tashkent] PHP Deprecated:  Function curl_close() is deprecated since 8.5, as it has no effect since PHP 8.0 in /home/a1274454/domains/bizon-academy.ru/public_html/includes/payram.php on line 51
[30-Sep-2026 00:16:51 Asia/Tashkent] PHP Deprecated:  Function curl_close() is deprecated since 8.5, as it has no effect since PHP 8.0 in /home/a1274454/domains/bizon-academy.ru/public_html/includes/payram.php on line 51
[30-Sep-2026 00:17:49 Asia/Tashkent] PHP Deprecated:  Function curl_close() is deprecated since 8.5, as it has no effect since PHP 8.0 in /home/a1274454/domains/bizon-academy.ru/public_html/includes/payram.php on line 51
[30-Sep-2026 00:18:50 Asia/Tashkent] PHP Deprecated:  Function curl_close() is deprecated since 8.5, as it has no effect since PHP 8.0 in /home/a1274454/domains/bizon-academy.ru/public_html/includes/payram.php on line 51
[30-Sep-2026 00:19:49 Asia/Tashkent] PHP Deprecated:  Function curl_close() is deprecated since 8.5, as it has no effect since PHP 8.0 in /home/a1274454/domains/bizon-academy.ru/public_html/includes/payram.php on line 51
[30-Sep-2026 00:20:50 Asia/Tashkent] PHP Deprecated:  Function curl_close() is deprecated since 8.5, as it has no effect since PHP 8.0 in /home/a1274454/domains/bizon-academy.ru/public_html/includes/payram.php on line 51
[30-Sep-2026 00:21:50 Asia/Tashkent] PHP Deprecated:  Function curl_close() is deprecated since 8.5, as it has no effect since PHP 8.0 in /home/a1274454/domains/bizon-academy.ru/public_html/includes/payram.php on line 51
[30-Sep-2026 00:22:49 Asia/Tashkent] PHP Deprecated:  Function curl_close() is deprecated since 8.5, as it has no effect since PHP 8.0 in /home/a1274454/domains/bizon-academy.ru/public_html/includes/payram.php on line 51
[30-Sep-2026 00:23:49 Asia/Tashkent] PHP Deprecated:  Function curl_close() is deprecated since 8.5, as it has no effect since PHP 8.0 in /home/a1274454/domains/bizon-academy.ru/public_html/includes/payram.php on line 51
[30-Sep-2026 00:33:57 Asia/Tashkent] PHP Deprecated:  Function curl_close() is deprecated since 8.5, as it has no effect since PHP 8.0 in /home/a1274454/domains/bizon-academy.ru/public_html/includes/payram.php on line 51
[30-Sep-2026 00:34:57 Asia/Tashkent] PHP Deprecated:  Function curl_close() is deprecated since 8.5, as it has no effect since PHP 8.0 in /home/a1274454/domains/bizon-academy.ru/public_html/includes/payram.php on line 51
[30-Sep-2026 00:35:57 Asia/Tashkent] PHP Deprecated:  Function curl_close() is deprecated since 8.5, as it has no effect since PHP 8.0 in /home/a1274454/domains/bizon-academy.ru/public_html/includes/payram.php on line 51
[30-Sep-2026 00:36:57 Asia/Tashkent] PHP Deprecated:  Function curl_close() is deprecated since 8.5, as it has no effect since PHP 8.0 in /home/a1274454/domains/bizon-academy.ru/public_html/includes/payram.php on line 51
[30-Sep-2026 00:37:56 Asia/Tashkent] PHP Deprecated:  Function curl_close() is deprecated since 8.5, as it has no effect since PHP 8.0 in /home/a1274454/domains/bizon-academy.ru/public_html/includes/payram.php on line 51
[30-Sep-2026 00:38:57 Asia/Tashkent] PHP Deprecated:  Function curl_close() is deprecated since 8.5, as it has no effect since PHP 8.0 in /home/a1274454/domains/bizon-academy.ru/public_html/includes/payram.php on line 51
[30-Sep-2026 00:39:56 Asia/Tashkent] PHP Deprecated:  Function curl_close() is deprecated since 8.5, as it has no effect since PHP 8.0 in /home/a1274454/domains/bizon-academy.ru/public_html/includes/payram.php on line 51
[30-Sep-2026 06:55:41 Asia/Tashkent] PHP Deprecated:  Function curl_close() is deprecated since 8.5, as it has no effect since PHP 8.0 in /home/a1274454/domains/bizon-academy.ru/public_html/includes/payram.php on line 51
[30-Sep-2026 12:27:30 Asia/Tashkent] PHP Deprecated:  Function curl_close() is deprecated since 8.5, as it has no effect since PHP 8.0 in /home/a1274454/domains/bizon-academy.ru/public_html/includes/payram.php on line 51
[30-Sep-2026 12:28:29 Asia/Tashkent] PHP Deprecated:  Function curl_close() is deprecated since 8.5, as it has no effect since PHP 8.0 in /home/a1274454/domains/bizon-academy.ru/public_html/includes/payram.php on line 51
[30-Sep-2026 12:29:29 Asia/Tashkent] PHP Deprecated:  Function curl_close() is deprecated since 8.5, as it has no effect since PHP 8.0 in /home/a1274454/domains/bizon-academy.ru/public_html/includes/payram.php on line 51
[30-Sep-2026 12:30:29 Asia/Tashkent] PHP Deprecated:  Function curl_close() is deprecated since 8.5, as it has no effect since PHP 8.0 in /home/a1274454/domains/bizon-academy.ru/public_html/includes/payram.php on line 51
[30-Sep-2026 12:34:25 Asia/Tashkent] PHP Deprecated:  Function curl_close() is deprecated since 8.5, as it has no effect since PHP 8.0 in /home/a1274454/domains/bizon-academy.ru/public_html/includes/payram.php on line 51
[30-Sep-2026 12:35:25 Asia/Tashkent] PHP Deprecated:  Function curl_close() is deprecated since 8.5, as it has no effect since PHP 8.0 in /home/a1274454/domains/bizon-academy.ru/public_html/includes/payram.php on line 51
[30-Sep-2026 12:36:25 Asia/Tashkent] PHP Deprecated:  Function curl_close() is deprecated since 8.5, as it has no effect since PHP 8.0 in /home/a1274454/domains/bizon-academy.ru/public_html/includes/payram.php on line 51
[30-Sep-2026 12:37:25 Asia/Tashkent] PHP Deprecated:  Function curl_close() is deprecated since 8.5, as it has no effect since PHP 8.0 in /home/a1274454/domains/bizon-academy.ru/public_html/includes/payram.php on line 51
[30-Sep-2026 12:38:25 Asia/Tashkent] PHP Deprecated:  Function curl_close() is deprecated since 8.5, as it has no effect since PHP 8.0 in /home/a1274454/domains/bizon-academy.ru/public_html/includes/payram.php on line 51
[30-Sep-2026 12:39:25 Asia/Tashkent] PHP Deprecated:  Function curl_close() is deprecated since 8.5, as it has no effect since PHP 8.0 in /home/a1274454/domains/bizon-academy.ru/public_html/includes/payram.php on line 51
[30-Sep-2026 12:40:26 Asia/Tashkent] PHP Deprecated:  Function curl_close() is deprecated since 8.5, as it has no effect since PHP 8.0 in /home/a1274454/domains/bizon-academy.ru/public_html/includes/payram.php on line 51
[30-Sep-2026 12:41:25 Asia/Tashkent] PHP Deprecated:  Function curl_close() is deprecated since 8.5, as it has no effect since PHP 8.0 in /home/a1274454/domains/bizon-academy.ru/public_html/includes/payram.php on line 51
[30-Sep-2026 12:42:26 Asia/Tashkent] PHP Deprecated:  Function curl_close() is deprecated since 8.5, as it has no effect since PHP 8.0 in /home/a1274454/domains/bizon-academy.ru/public_html/includes/payram.php on line 51
[30-Sep-2026 12:43:25 Asia/Tashkent] PHP Deprecated:  Function curl_close() is deprecated since 8.5, as it has no effect since PHP 8.0 in /home/a1274454/domains/bizon-academy.ru/public_html/includes/payram.php on line 51
[30-Sep-2026 12:44:26 Asia/Tashkent] PHP Deprecated:  Function curl_close() is deprecated since 8.5, as it has no effect since PHP 8.0 in /home/a1274454/domains/bizon-academy.ru/public_html/includes/payram.php on line 51
[30-Sep-2026 12:45:26 Asia/Tashkent] PHP Deprecated:  Function curl_close() is deprecated since 8.5, as it has no effect since PHP 8.0 in /home/a1274454/domains/bizon-academy.ru/public_html/includes/payram.php on line 51
[30-Sep-2026 12:46:25 Asia/Tashkent] PHP Deprecated:  Function curl_close() is deprecated since 8.5, as it has no effect since PHP 8.0 in /home/a1274454/domains/bizon-academy.ru/public_html/includes/payram.php on line 51
[30-Sep-2026 12:47:25 Asia/Tashkent] PHP Deprecated:  Function curl_close() is deprecated since 8.5, as it has no effect since PHP 8.0 in /home/a1274454/domains/bizon-academy.ru/public_html/includes/payram.php on line 51
[30-Sep-2026 12:48:25 Asia/Tashkent] PHP Deprecated:  Function curl_close() is deprecated since 8.5, as it has no effect since PHP 8.0 in /home/a1274454/domains/bizon-academy.ru/public_html/includes/payram.php on line 51
[30-Sep-2026 12:49:25 Asia/Tashkent] PHP Deprecated:  Function curl_close() is deprecated since 8.5, as it has no effect since PHP 8.0 in /home/a1274454/domains/bizon-academy.ru/public_html/includes/payram.php on line 51
[30-Sep-2026 12:50:25 Asia/Tashkent] PHP Deprecated:  Function curl_close() is deprecated since 8.5, as it has no effect since PHP 8.0 in /home/a1274454/domains/bizon-academy.ru/public_html/includes/payram.php on line 51
[30-Sep-2026 12:51:25 Asia/Tashkent] PHP Deprecated:  Function curl_close() is deprecated since 8.5, as it has no effect since PHP 8.0 in /home/a1274454/domains/bizon-academy.ru/public_html/includes/payram.php on line 51
[30-Sep-2026 12:52:26 Asia/Tashkent] PHP Deprecated:  Function curl_close() is deprecated since 8.5, as it has no effect since PHP 8.0 in /home/a1274454/domains/bizon-academy.ru/public_html/includes/payram.php on line 51
[30-Sep-2026 12:53:25 Asia/Tashkent] PHP Deprecated:  Function curl_close() is deprecated since 8.5, as it has no effect since PHP 8.0 in /home/a1274454/domains/bizon-academy.ru/public_html/includes/payram.php on line 51
[30-Sep-2026 12:54:25 Asia/Tashkent] PHP Deprecated:  Function curl_close() is deprecated since 8.5, as it has no effect since PHP 8.0 in /home/a1274454/domains/bizon-academy.ru/public_html/includes/payram.php on line 51
[30-Sep-2026 12:55:26 Asia/Tashkent] PHP Deprecated:  Function curl_close() is deprecated since 8.5, as it has no effect since PHP 8.0 in /home/a1274454/domains/bizon-academy.ru/public_html/includes/payram.php on line 51
[30-Sep-2026 12:56:25 Asia/Tashkent] PHP Deprecated:  Function curl_close() is deprecated since 8.5, as it has no effect since PHP 8.0 in /home/a1274454/domains/bizon-academy.ru/public_html/includes/payram.php on line 51
[30-Sep-2026 12:57:26 Asia/Tashkent] PHP Deprecated:  Function curl_close() is deprecated since 8.5, as it has no effect since PHP 8.0 in /home/a1274454/domains/bizon-academy.ru/public_html/includes/payram.php on line 51
[30-Sep-2026 12:58:25 Asia/Tashkent] PHP Deprecated:  Function curl_close() is deprecated since 8.5, as it has no effect since PHP 8.0 in /home/a1274454/domains/bizon-academy.ru/public_html/includes/payram.php on line 51
[30-Sep-2026 12:59:26 Asia/Tashkent] PHP Deprecated:  Function curl_close() is deprecated since 8.5, as it has no effect since PHP 8.0 in /home/a1274454/domains/bizon-academy.ru/public_html/includes/payram.php on line 51
[30-Sep-2026 13:00:25 Asia/Tashkent] PHP Deprecated:  Function curl_close() is deprecated since 8.5, as it has no effect since PHP 8.0 in /home/a1274454/domains/bizon-academy.ru/public_html/includes/payram.php on line 51
[30-Sep-2026 13:01:27 Asia/Tashkent] PHP Deprecated:  Function curl_close() is deprecated since 8.5, as it has no effect since PHP 8.0 in /home/a1274454/domains/bizon-academy.ru/public_html/includes/payram.php on line 51
[30-Sep-2026 13:02:25 Asia/Tashkent] PHP Deprecated:  Function curl_close() is deprecated since 8.5, as it has no effect since PHP 8.0 in /home/a1274454/domains/bizon-academy.ru/public_html/includes/payram.php on line 51
[30-Sep-2026 13:03:25 Asia/Tashkent] PHP Deprecated:  Function curl_close() is deprecated since 8.5, as it has no effect since PHP 8.0 in /home/a1274454/domains/bizon-academy.ru/public_html/includes/payram.php on line 51
[30-Sep-2026 13:04:26 Asia/Tashkent] PHP Deprecated:  Function curl_close() is deprecated since 8.5, as it has no effect since PHP 8.0 in /home/a1274454/domains/bizon-academy.ru/public_html/includes/payram.php on line 51
[30-Sep-2026 13:05:25 Asia/Tashkent] PHP Deprecated:  Function curl_close() is deprecated since 8.5, as it has no effect since PHP 8.0 in /home/a1274454/domains/bizon-academy.ru/public_html/includes/payram.php on line 51
[30-Sep-2026 13:06:26 Asia/Tashkent] PHP Deprecated:  Function curl_close() is deprecated since 8.5, as it has no effect since PHP 8.0 in /home/a1274454/domains/bizon-academy.ru/public_html/includes/payram.php on line 51
[30-Sep-2026 13:07:25 Asia/Tashkent] PHP Deprecated:  Function curl_close() is deprecated since 8.5, as it has no effect since PHP 8.0 in /home/a1274454/domains/bizon-academy.ru/public_html/includes/payram.php on line 51
[30-Sep-2026 14:39:12 Asia/Tashkent] PHP Deprecated:  Function curl_close() is deprecated since 8.5, as it has no effect since PHP 8.0 in /home/a1274454/domains/bizon-academy.ru/public_html/includes/payram.php on line 51
[30-Sep-2026 14:40:12 Asia/Tashkent] PHP Deprecated:  Function curl_close() is deprecated since 8.5, as it has no effect since PHP 8.0 in /home/a1274454/domains/bizon-academy.ru/public_html/includes/payram.php on line 51
[30-Sep-2026 14:41:11 Asia/Tashkent] PHP Deprecated:  Function curl_close() is deprecated since 8.5, as it has no effect since PHP 8.0 in /home/a1274454/domains/bizon-academy.ru/public_html/includes/payram.php on line 51
[30-Sep-2026 14:42:11 Asia/Tashkent] PHP Deprecated:  Function curl_close() is deprecated since 8.5, as it has no effect since PHP 8.0 in /home/a1274454/domains/bizon-academy.ru/public_html/includes/payram.php on line 51
[30-Sep-2026 14:43:11 Asia/Tashkent] PHP Deprecated:  Function curl_close() is deprecated since 8.5, as it has no effect since PHP 8.0 in /home/a1274454/domains/bizon-academy.ru/public_html/includes/payram.php on line 51
[30-Sep-2026 14:44:11 Asia/Tashkent] PHP Deprecated:  Function curl_close() is deprecated since 8.5, as it has no effect since PHP 8.0 in /home/a1274454/domains/bizon-academy.ru/public_html/includes/payram.php on line 51
[30-Sep-2026 14:45:11 Asia/Tashkent] PHP Deprecated:  Function curl_close() is deprecated since 8.5, as it has no effect since PHP 8.0 in /home/a1274454/domains/bizon-academy.ru/public_html/includes/payram.php on line 51
[30-Sep-2026 14:46:11 Asia/Tashkent] PHP Deprecated:  Function curl_close() is deprecated since 8.5, as it has no effect since PHP 8.0 in /home/a1274454/domains/bizon-academy.ru/public_html/includes/payram.php on line 51
[30-Sep-2026 14:47:11 Asia/Tashkent] PHP Deprecated:  Function curl_close() is deprecated since 8.5, as it has no effect since PHP 8.0 in /home/a1274454/domains/bizon-academy.ru/public_html/includes/payram.php on line 51
[30-Sep-2026 14:48:11 Asia/Tashkent] PHP Deprecated:  Function curl_close() is deprecated since 8.5, as it has no effect since PHP 8.0 in /home/a1274454/domains/bizon-academy.ru/public_html/includes/payram.php on line 51
[30-Sep-2026 14:49:11 Asia/Tashkent] PHP Deprecated:  Function curl_close() is deprecated since 8.5, as it has no effect since PHP 8.0 in /home/a1274454/domains/bizon-academy.ru/public_html/includes/payram.php on line 51
[30-Sep-2026 14:50:09 Asia/Tashkent] PHP Deprecated:  Function curl_close() is deprecated since 8.5, as it has no effect since PHP 8.0 in /home/a1274454/domains/bizon-academy.ru/public_html/includes/payram.php on line 51
[30-Sep-2026 14:50:10 Asia/Tashkent] PHP Deprecated:  Function curl_close() is deprecated since 8.5, as it has no effect since PHP 8.0 in /home/a1274454/domains/bizon-academy.ru/public_html/includes/payram.php on line 51
[30-Sep-2026 14:50:16 Asia/Tashkent] PHP Deprecated:  Function curl_close() is deprecated since 8.5, as it has no effect since PHP 8.0 in /home/a1274454/domains/bizon-academy.ru/public_html/includes/payram.php on line 51
[30-Sep-2026 14:50:21 Asia/Tashkent] PHP Deprecated:  Function curl_close() is deprecated since 8.5, as it has no effect since PHP 8.0 in /home/a1274454/domains/bizon-academy.ru/public_html/includes/payram.php on line 51
[30-Sep-2026 14:50:26 Asia/Tashkent] PHP Deprecated:  Function curl_close() is deprecated since 8.5, as it has no effect since PHP 8.0 in /home/a1274454/domains/bizon-academy.ru/public_html/includes/payram.php on line 51
[30-Sep-2026 14:50:31 Asia/Tashkent] PHP Deprecated:  Function curl_close() is deprecated since 8.5, as it has no effect since PHP 8.0 in /home/a1274454/domains/bizon-academy.ru/public_html/includes/payram.php on line 51
[30-Sep-2026 14:50:36 Asia/Tashkent] PHP Deprecated:  Function curl_close() is deprecated since 8.5, as it has no effect since PHP 8.0 in /home/a1274454/domains/bizon-academy.ru/public_html/includes/payram.php on line 51
[30-Sep-2026 14:50:41 Asia/Tashkent] PHP Deprecated:  Function curl_close() is deprecated since 8.5, as it has no effect since PHP 8.0 in /home/a1274454/domains/bizon-academy.ru/public_html/includes/payram.php on line 51
[30-Sep-2026 14:50:46 Asia/Tashkent] PHP Deprecated:  Function curl_close() is deprecated since 8.5, as it has no effect since PHP 8.0 in /home/a1274454/domains/bizon-academy.ru/public_html/includes/payram.php on line 51
[30-Sep-2026 14:50:51 Asia/Tashkent] PHP Deprecated:  Function curl_close() is deprecated since 8.5, as it has no effect since PHP 8.0 in /home/a1274454/domains/bizon-academy.ru/public_html/includes/payram.php on line 51
[30-Sep-2026 14:50:56 Asia/Tashkent] PHP Deprecated:  Function curl_close() is deprecated since 8.5, as it has no effect since PHP 8.0 in /home/a1274454/domains/bizon-academy.ru/public_html/includes/payram.php on line 51
[30-Sep-2026 14:51:00 Asia/Tashkent] PHP Deprecated:  Function curl_close() is deprecated since 8.5, as it has no effect since PHP 8.0 in /home/a1274454/domains/bizon-academy.ru/public_html/includes/payram.php on line 51
[30-Sep-2026 14:51:05 Asia/Tashkent] PHP Deprecated:  Function curl_close() is deprecated since 8.5, as it has no effect since PHP 8.0 in /home/a1274454/domains/bizon-academy.ru/public_html/includes/payram.php on line 51
[30-Sep-2026 14:51:10 Asia/Tashkent] PHP Deprecated:  Function curl_close() is deprecated since 8.5, as it has no effect since PHP 8.0 in /home/a1274454/domains/bizon-academy.ru/public_html/includes/payram.php on line 51
[30-Sep-2026 14:51:16 Asia/Tashkent] PHP Deprecated:  Function curl_close() is deprecated since 8.5, as it has no effect since PHP 8.0 in /home/a1274454/domains/bizon-academy.ru/public_html/includes/payram.php on line 51
[30-Sep-2026 14:51:20 Asia/Tashkent] PHP Deprecated:  Function curl_close() is deprecated since 8.5, as it has no effect since PHP 8.0 in /home/a1274454/domains/bizon-academy.ru/public_html/includes/payram.php on line 51
[30-Sep-2026 14:51:26 Asia/Tashkent] PHP Deprecated:  Function curl_close() is deprecated since 8.5, as it has no effect since PHP 8.0 in /home/a1274454/domains/bizon-academy.ru/public_html/includes/payram.php on line 51
[30-Sep-2026 14:51:30 Asia/Tashkent] PHP Deprecated:  Function curl_close() is deprecated since 8.5, as it has no effect since PHP 8.0 in /home/a1274454/domains/bizon-academy.ru/public_html/includes/payram.php on line 51
[30-Sep-2026 14:51:35 Asia/Tashkent] PHP Deprecated:  Function curl_close() is deprecated since 8.5, as it has no effect since PHP 8.0 in /home/a1274454/domains/bizon-academy.ru/public_html/includes/payram.php on line 51
[30-Sep-2026 14:51:40 Asia/Tashkent] PHP Deprecated:  Function curl_close() is deprecated since 8.5, as it has no effect since PHP 8.0 in /home/a1274454/domains/bizon-academy.ru/public_html/includes/payram.php on line 51
[30-Sep-2026 14:51:45 Asia/Tashkent] PHP Deprecated:  Function curl_close() is deprecated since 8.5, as it has no effect since PHP 8.0 in /home/a1274454/domains/bizon-academy.ru/public_html/includes/payram.php on line 51
[30-Sep-2026 14:51:50 Asia/Tashkent] PHP Deprecated:  Function curl_close() is deprecated since 8.5, as it has no effect since PHP 8.0 in /home/a1274454/domains/bizon-academy.ru/public_html/includes/payram.php on line 51
[30-Sep-2026 14:51:55 Asia/Tashkent] PHP Deprecated:  Function curl_close() is deprecated since 8.5, as it has no effect since PHP 8.0 in /home/a1274454/domains/bizon-academy.ru/public_html/includes/payram.php on line 51
[30-Sep-2026 14:52:03 Asia/Tashkent] PHP Deprecated:  Function curl_close() is deprecated since 8.5, as it has no effect since PHP 8.0 in /home/a1274454/domains/bizon-academy.ru/public_html/includes/payram.php on line 51
[30-Sep-2026 14:52:08 Asia/Tashkent] PHP Deprecated:  Function curl_close() is deprecated since 8.5, as it has no effect since PHP 8.0 in /home/a1274454/domains/bizon-academy.ru/public_html/includes/payram.php on line 51
[30-Sep-2026 14:52:13 Asia/Tashkent] PHP Deprecated:  Function curl_close() is deprecated since 8.5, as it has no effect since PHP 8.0 in /home/a1274454/domains/bizon-academy.ru/public_html/includes/payram.php on line 51
[30-Sep-2026 14:52:17 Asia/Tashkent] PHP Deprecated:  Function curl_close() is deprecated since 8.5, as it has no effect since PHP 8.0 in /home/a1274454/domains/bizon-academy.ru/public_html/includes/payram.php on line 51
[30-Sep-2026 14:52:22 Asia/Tashkent] PHP Deprecated:  Function curl_close() is deprecated since 8.5, as it has no effect since PHP 8.0 in /home/a1274454/domains/bizon-academy.ru/public_html/includes/payram.php on line 51
[30-Sep-2026 14:52:27 Asia/Tashkent] PHP Deprecated:  Function curl_close() is deprecated since 8.5, as it has no effect since PHP 8.0 in /home/a1274454/domains/bizon-academy.ru/public_html/includes/payram.php on line 51
[30-Sep-2026 14:52:32 Asia/Tashkent] PHP Deprecated:  Function curl_close() is deprecated since 8.5, as it has no effect since PHP 8.0 in /home/a1274454/domains/bizon-academy.ru/public_html/includes/payram.php on line 51
[30-Sep-2026 14:52:37 Asia/Tashkent] PHP Deprecated:  Function curl_close() is deprecated since 8.5, as it has no effect since PHP 8.0 in /home/a1274454/domains/bizon-academy.ru/public_html/includes/payram.php on line 51
[30-Sep-2026 14:52:42 Asia/Tashkent] PHP Deprecated:  Function curl_close() is deprecated since 8.5, as it has no effect since PHP 8.0 in /home/a1274454/domains/bizon-academy.ru/public_html/includes/payram.php on line 51
[30-Sep-2026 14:52:47 Asia/Tashkent] PHP Deprecated:  Function curl_close() is deprecated since 8.5, as it has no effect since PHP 8.0 in /home/a1274454/domains/bizon-academy.ru/public_html/includes/payram.php on line 51
[30-Sep-2026 14:52:52 Asia/Tashkent] PHP Deprecated:  Function curl_close() is deprecated since 8.5, as it has no effect since PHP 8.0 in /home/a1274454/domains/bizon-academy.ru/public_html/includes/payram.php on line 51
[30-Sep-2026 14:52:55 Asia/Tashkent] PHP Deprecated:  Function curl_close() is deprecated since 8.5, as it has no effect since PHP 8.0 in /home/a1274454/domains/bizon-academy.ru/public_html/includes/payram.php on line 51
[30-Sep-2026 14:52:57 Asia/Tashkent] PHP Deprecated:  Function curl_close() is deprecated since 8.5, as it has no effect since PHP 8.0 in /home/a1274454/domains/bizon-academy.ru/public_html/includes/payram.php on line 51
[30-Sep-2026 14:53:02 Asia/Tashkent] PHP Deprecated:  Function curl_close() is deprecated since 8.5, as it has no effect since PHP 8.0 in /home/a1274454/domains/bizon-academy.ru/public_html/includes/payram.php on line 51
[30-Sep-2026 14:53:07 Asia/Tashkent] PHP Deprecated:  Function curl_close() is deprecated since 8.5, as it has no effect since PHP 8.0 in /home/a1274454/domains/bizon-academy.ru/public_html/includes/payram.php on line 51
[30-Sep-2026 14:53:12 Asia/Tashkent] PHP Deprecated:  Function curl_close() is deprecated since 8.5, as it has no effect since PHP 8.0 in /home/a1274454/domains/bizon-academy.ru/public_html/includes/payram.php on line 51
[30-Sep-2026 14:53:17 Asia/Tashkent] PHP Deprecated:  Function curl_close() is deprecated since 8.5, as it has no effect since PHP 8.0 in /home/a1274454/domains/bizon-academy.ru/public_html/includes/payram.php on line 51
[30-Sep-2026 14:53:22 Asia/Tashkent] PHP Deprecated:  Function curl_close() is deprecated since 8.5, as it has no effect since PHP 8.0 in /home/a1274454/domains/bizon-academy.ru/public_html/includes/payram.php on line 51
[30-Sep-2026 14:53:27 Asia/Tashkent] PHP Deprecated:  Function curl_close() is deprecated since 8.5, as it has no effect since PHP 8.0 in /home/a1274454/domains/bizon-academy.ru/public_html/includes/payram.php on line 51
[30-Sep-2026 14:53:32 Asia/Tashkent] PHP Deprecated:  Function curl_close() is deprecated since 8.5, as it has no effect since PHP 8.0 in /home/a1274454/domains/bizon-academy.ru/public_html/includes/payram.php on line 51
[30-Sep-2026 14:53:37 Asia/Tashkent] PHP Deprecated:  Function curl_close() is deprecated since 8.5, as it has no effect since PHP 8.0 in /home/a1274454/domains/bizon-academy.ru/public_html/includes/payram.php on line 51
[30-Sep-2026 14:53:42 Asia/Tashkent] PHP Deprecated:  Function curl_close() is deprecated since 8.5, as it has no effect since PHP 8.0 in /home/a1274454/domains/bizon-academy.ru/public_html/includes/payram.php on line 51
[30-Sep-2026 14:53:47 Asia/Tashkent] PHP Deprecated:  Function curl_close() is deprecated since 8.5, as it has no effect since PHP 8.0 in /home/a1274454/domains/bizon-academy.ru/public_html/includes/payram.php on line 51
[30-Sep-2026 14:53:52 Asia/Tashkent] PHP Deprecated:  Function curl_close() is deprecated since 8.5, as it has no effect since PHP 8.0 in /home/a1274454/domains/bizon-academy.ru/public_html/includes/payram.php on line 51
[30-Sep-2026 14:53:57 Asia/Tashkent] PHP Deprecated:  Function curl_close() is deprecated since 8.5, as it has no effect since PHP 8.0 in /home/a1274454/domains/bizon-academy.ru/public_html/includes/payram.php on line 51
[30-Sep-2026 14:54:02 Asia/Tashkent] PHP Deprecated:  Function curl_close() is deprecated since 8.5, as it has no effect since PHP 8.0 in /home/a1274454/domains/bizon-academy.ru/public_html/includes/payram.php on line 51
[30-Sep-2026 14:54:07 Asia/Tashkent] PHP Deprecated:  Function curl_close() is deprecated since 8.5, as it has no effect since PHP 8.0 in /home/a1274454/domains/bizon-academy.ru/public_html/includes/payram.php on line 51
[30-Sep-2026 14:54:13 Asia/Tashkent] PHP Deprecated:  Function curl_close() is deprecated since 8.5, as it has no effect since PHP 8.0 in /home/a1274454/domains/bizon-academy.ru/public_html/includes/payram.php on line 51
[30-Sep-2026 14:54:18 Asia/Tashkent] PHP Deprecated:  Function curl_close() is deprecated since 8.5, as it has no effect since PHP 8.0 in /home/a1274454/domains/bizon-academy.ru/public_html/includes/payram.php on line 51
[30-Sep-2026 14:54:22 Asia/Tashkent] PHP Deprecated:  Function curl_close() is deprecated since 8.5, as it has no effect since PHP 8.0 in /home/a1274454/domains/bizon-academy.ru/public_html/includes/payram.php on line 51
[30-Sep-2026 14:54:27 Asia/Tashkent] PHP Deprecated:  Function curl_close() is deprecated since 8.5, as it has no effect since PHP 8.0 in /home/a1274454/domains/bizon-academy.ru/public_html/includes/payram.php on line 51
[30-Sep-2026 14:54:32 Asia/Tashkent] PHP Deprecated:  Function curl_close() is deprecated since 8.5, as it has no effect since PHP 8.0 in /home/a1274454/domains/bizon-academy.ru/public_html/includes/payram.php on line 51
[30-Sep-2026 14:54:37 Asia/Tashkent] PHP Deprecated:  Function curl_close() is deprecated since 8.5, as it has no effect since PHP 8.0 in /home/a1274454/domains/bizon-academy.ru/public_html/includes/payram.php on line 51
[30-Sep-2026 14:54:42 Asia/Tashkent] PHP Deprecated:  Function curl_close() is deprecated since 8.5, as it has no effect since PHP 8.0 in /home/a1274454/domains/bizon-academy.ru/public_html/includes/payram.php on line 51
[30-Sep-2026 14:54:47 Asia/Tashkent] PHP Deprecated:  Function curl_close() is deprecated since 8.5, as it has no effect since PHP 8.0 in /home/a1274454/domains/bizon-academy.ru/public_html/includes/payram.php on line 51
[30-Sep-2026 14:54:52 Asia/Tashkent] PHP Deprecated:  Function curl_close() is deprecated since 8.5, as it has no effect since PHP 8.0 in /home/a1274454/domains/bizon-academy.ru/public_html/includes/payram.php on line 51
[30-Sep-2026 14:54:57 Asia/Tashkent] PHP Deprecated:  Function curl_close() is deprecated since 8.5, as it has no effect since PHP 8.0 in /home/a1274454/domains/bizon-academy.ru/public_html/includes/payram.php on line 51
[30-Sep-2026 14:55:02 Asia/Tashkent] PHP Deprecated:  Function curl_close() is deprecated since 8.5, as it has no effect since PHP 8.0 in /home/a1274454/domains/bizon-academy.ru/public_html/includes/payram.php on line 51
[30-Sep-2026 14:55:08 Asia/Tashkent] PHP Deprecated:  Function curl_close() is deprecated since 8.5, as it has no effect since PHP 8.0 in /home/a1274454/domains/bizon-academy.ru/public_html/includes/payram.php on line 51
[30-Sep-2026 14:55:12 Asia/Tashkent] PHP Deprecated:  Function curl_close() is deprecated since 8.5, as it has no effect since PHP 8.0 in /home/a1274454/domains/bizon-academy.ru/public_html/includes/payram.php on line 51
[30-Sep-2026 14:55:17 Asia/Tashkent] PHP Deprecated:  Function curl_close() is deprecated since 8.5, as it has no effect since PHP 8.0 in /home/a1274454/domains/bizon-academy.ru/public_html/includes/payram.php on line 51
[30-Sep-2026 14:55:22 Asia/Tashkent] PHP Deprecated:  Function curl_close() is deprecated since 8.5, as it has no effect since PHP 8.0 in /home/a1274454/domains/bizon-academy.ru/public_html/includes/payram.php on line 51
[30-Sep-2026 14:55:28 Asia/Tashkent] PHP Deprecated:  Function curl_close() is deprecated since 8.5, as it has no effect since PHP 8.0 in /home/a1274454/domains/bizon-academy.ru/public_html/includes/payram.php on line 51
[30-Sep-2026 14:55:32 Asia/Tashkent] PHP Deprecated:  Function curl_close() is deprecated since 8.5, as it has no effect since PHP 8.0 in /home/a1274454/domains/bizon-academy.ru/public_html/includes/payram.php on line 51
[30-Sep-2026 14:55:38 Asia/Tashkent] PHP Deprecated:  Function curl_close() is deprecated since 8.5, as it has no effect since PHP 8.0 in /home/a1274454/domains/bizon-academy.ru/public_html/includes/payram.php on line 51
[30-Sep-2026 14:55:42 Asia/Tashkent] PHP Deprecated:  Function curl_close() is deprecated since 8.5, as it has no effect since PHP 8.0 in /home/a1274454/domains/bizon-academy.ru/public_html/includes/payram.php on line 51
[30-Sep-2026 14:55:47 Asia/Tashkent] PHP Deprecated:  Function curl_close() is deprecated since 8.5, as it has no effect since PHP 8.0 in /home/a1274454/domains/bizon-academy.ru/public_html/includes/payram.php on line 51
[30-Sep-2026 14:55:53 Asia/Tashkent] PHP Deprecated:  Function curl_close() is deprecated since 8.5, as it has no effect since PHP 8.0 in /home/a1274454/domains/bizon-academy.ru/public_html/includes/payram.php on line 51
[30-Sep-2026 14:55:57 Asia/Tashkent] PHP Deprecated:  Function curl_close() is deprecated since 8.5, as it has no effect since PHP 8.0 in /home/a1274454/domains/bizon-academy.ru/public_html/includes/payram.php on line 51
[30-Sep-2026 14:56:03 Asia/Tashkent] PHP Deprecated:  Function curl_close() is deprecated since 8.5, as it has no effect since PHP 8.0 in /home/a1274454/domains/bizon-academy.ru/public_html/includes/payram.php on line 51
[30-Sep-2026 14:56:11 Asia/Tashkent] PHP Deprecated:  Function curl_close() is deprecated since 8.5, as it has no effect since PHP 8.0 in /home/a1274454/domains/bizon-academy.ru/public_html/includes/payram.php on line 51
[30-Sep-2026 14:57:08 Asia/Tashkent] PHP Deprecated:  Function curl_close() is deprecated since 8.5, as it has no effect since PHP 8.0 in /home/a1274454/domains/bizon-academy.ru/public_html/includes/payram.php on line 51
[30-Sep-2026 14:57:12 Asia/Tashkent] PHP Deprecated:  Function curl_close() is deprecated since 8.5, as it has no effect since PHP 8.0 in /home/a1274454/domains/bizon-academy.ru/public_html/includes/payram.php on line 51
[30-Sep-2026 14:57:17 Asia/Tashkent] PHP Deprecated:  Function curl_close() is deprecated since 8.5, as it has no effect since PHP 8.0 in /home/a1274454/domains/bizon-academy.ru/public_html/includes/payram.php on line 51
[30-Sep-2026 14:57:22 Asia/Tashkent] PHP Deprecated:  Function curl_close() is deprecated since 8.5, as it has no effect since PHP 8.0 in /home/a1274454/domains/bizon-academy.ru/public_html/includes/payram.php on line 51
[30-Sep-2026 14:57:27 Asia/Tashkent] PHP Deprecated:  Function curl_close() is deprecated since 8.5, as it has no effect since PHP 8.0 in /home/a1274454/domains/bizon-academy.ru/public_html/includes/payram.php on line 51
[30-Sep-2026 14:57:32 Asia/Tashkent] PHP Deprecated:  Function curl_close() is deprecated since 8.5, as it has no effect since PHP 8.0 in /home/a1274454/domains/bizon-academy.ru/public_html/includes/payram.php on line 51
[30-Sep-2026 14:57:37 Asia/Tashkent] PHP Deprecated:  Function curl_close() is deprecated since 8.5, as it has no effect since PHP 8.0 in /home/a1274454/domains/bizon-academy.ru/public_html/includes/payram.php on line 51
[30-Sep-2026 14:57:42 Asia/Tashkent] PHP Deprecated:  Function curl_close() is deprecated since 8.5, as it has no effect since PHP 8.0 in /home/a1274454/domains/bizon-academy.ru/public_html/includes/payram.php on line 51
[30-Sep-2026 14:57:47 Asia/Tashkent] PHP Deprecated:  Function curl_close() is deprecated since 8.5, as it has no effect since PHP 8.0 in /home/a1274454/domains/bizon-academy.ru/public_html/includes/payram.php on line 51
[30-Sep-2026 14:57:52 Asia/Tashkent] PHP Deprecated:  Function curl_close() is deprecated since 8.5, as it has no effect since PHP 8.0 in /home/a1274454/domains/bizon-academy.ru/public_html/includes/payram.php on line 51
[30-Sep-2026 14:57:57 Asia/Tashkent] PHP Deprecated:  Function curl_close() is deprecated since 8.5, as it has no effect since PHP 8.0 in /home/a1274454/domains/bizon-academy.ru/public_html/includes/payram.php on line 51
[30-Sep-2026 14:58:02 Asia/Tashkent] PHP Deprecated:  Function curl_close() is deprecated since 8.5, as it has no effect since PHP 8.0 in /home/a1274454/domains/bizon-academy.ru/public_html/includes/payram.php on line 51
[30-Sep-2026 14:58:07 Asia/Tashkent] PHP Deprecated:  Function curl_close() is deprecated since 8.5, as it has no effect since PHP 8.0 in /home/a1274454/domains/bizon-academy.ru/public_html/includes/payram.php on line 51
[30-Sep-2026 14:59:10 Asia/Tashkent] PHP Deprecated:  Function curl_close() is deprecated since 8.5, as it has no effect since PHP 8.0 in /home/a1274454/domains/bizon-academy.ru/public_html/includes/payram.php on line 51
[30-Sep-2026 14:59:42 Asia/Tashkent] PHP Deprecated:  Function curl_close() is deprecated since 8.5, as it has no effect since PHP 8.0 in /home/a1274454/domains/bizon-academy.ru/public_html/includes/payram.php on line 51
[30-Sep-2026 14:59:43 Asia/Tashkent] PHP Deprecated:  Function curl_close() is deprecated since 8.5, as it has no effect since PHP 8.0 in /home/a1274454/domains/bizon-academy.ru/public_html/includes/payram.php on line 51
[30-Sep-2026 14:59:47 Asia/Tashkent] PHP Deprecated:  Function curl_close() is deprecated since 8.5, as it has no effect since PHP 8.0 in /home/a1274454/domains/bizon-academy.ru/public_html/includes/payram.php on line 51
[30-Sep-2026 14:59:52 Asia/Tashkent] PHP Deprecated:  Function curl_close() is deprecated since 8.5, as it has no effect since PHP 8.0 in /home/a1274454/domains/bizon-academy.ru/public_html/includes/payram.php on line 51
[30-Sep-2026 14:59:57 Asia/Tashkent] PHP Deprecated:  Function curl_close() is deprecated since 8.5, as it has no effect since PHP 8.0 in /home/a1274454/domains/bizon-academy.ru/public_html/includes/payram.php on line 51
[30-Sep-2026 15:00:02 Asia/Tashkent] PHP Deprecated:  Function curl_close() is deprecated since 8.5, as it has no effect since PHP 8.0 in /home/a1274454/domains/bizon-academy.ru/public_html/includes/payram.php on line 51
[30-Sep-2026 15:00:07 Asia/Tashkent] PHP Deprecated:  Function curl_close() is deprecated since 8.5, as it has no effect since PHP 8.0 in /home/a1274454/domains/bizon-academy.ru/public_html/includes/payram.php on line 51
[30-Sep-2026 15:00:13 Asia/Tashkent] PHP Deprecated:  Function curl_close() is deprecated since 8.5, as it has no effect since PHP 8.0 in /home/a1274454/domains/bizon-academy.ru/public_html/includes/payram.php on line 51
[30-Sep-2026 15:00:17 Asia/Tashkent] PHP Deprecated:  Function curl_close() is deprecated since 8.5, as it has no effect since PHP 8.0 in /home/a1274454/domains/bizon-academy.ru/public_html/includes/payram.php on line 51
[30-Sep-2026 15:00:23 Asia/Tashkent] PHP Deprecated:  Function curl_close() is deprecated since 8.5, as it has no effect since PHP 8.0 in /home/a1274454/domains/bizon-academy.ru/public_html/includes/payram.php on line 51
[30-Sep-2026 15:00:28 Asia/Tashkent] PHP Deprecated:  Function curl_close() is deprecated since 8.5, as it has no effect since PHP 8.0 in /home/a1274454/domains/bizon-academy.ru/public_html/includes/payram.php on line 51
[30-Sep-2026 15:00:33 Asia/Tashkent] PHP Deprecated:  Function curl_close() is deprecated since 8.5, as it has no effect since PHP 8.0 in /home/a1274454/domains/bizon-academy.ru/public_html/includes/payram.php on line 51
[30-Sep-2026 15:00:38 Asia/Tashkent] PHP Deprecated:  Function curl_close() is deprecated since 8.5, as it has no effect since PHP 8.0 in /home/a1274454/domains/bizon-academy.ru/public_html/includes/payram.php on line 51
[30-Sep-2026 15:00:43 Asia/Tashkent] PHP Deprecated:  Function curl_close() is deprecated since 8.5, as it has no effect since PHP 8.0 in /home/a1274454/domains/bizon-academy.ru/public_html/includes/payram.php on line 51
[30-Sep-2026 15:01:10 Asia/Tashkent] PHP Deprecated:  Function curl_close() is deprecated since 8.5, as it has no effect since PHP 8.0 in /home/a1274454/domains/bizon-academy.ru/public_html/includes/payram.php on line 51
[30-Sep-2026 15:02:10 Asia/Tashkent] PHP Deprecated:  Function curl_close() is deprecated since 8.5, as it has no effect since PHP 8.0 in /home/a1274454/domains/bizon-academy.ru/public_html/includes/payram.php on line 51
[30-Sep-2026 15:03:10 Asia/Tashkent] PHP Deprecated:  Function curl_close() is deprecated since 8.5, as it has no effect since PHP 8.0 in /home/a1274454/domains/bizon-academy.ru/public_html/includes/payram.php on line 51
[30-Sep-2026 15:04:10 Asia/Tashkent] PHP Deprecated:  Function curl_close() is deprecated since 8.5, as it has no effect since PHP 8.0 in /home/a1274454/domains/bizon-academy.ru/public_html/includes/payram.php on line 51
[30-Sep-2026 15:05:10 Asia/Tashkent] PHP Deprecated:  Function curl_close() is deprecated since 8.5, as it has no effect since PHP 8.0 in /home/a1274454/domains/bizon-academy.ru/public_html/includes/payram.php on line 51
[30-Sep-2026 15:06:10 Asia/Tashkent] PHP Deprecated:  Function curl_close() is deprecated since 8.5, as it has no effect since PHP 8.0 in /home/a1274454/domains/bizon-academy.ru/public_html/includes/payram.php on line 51
[30-Sep-2026 15:07:10 Asia/Tashkent] PHP Deprecated:  Function curl_close() is deprecated since 8.5, as it has no effect since PHP 8.0 in /home/a1274454/domains/bizon-academy.ru/public_html/includes/payram.php on line 51
[30-Sep-2026 15:08:10 Asia/Tashkent] PHP Deprecated:  Function curl_close() is deprecated since 8.5, as it has no effect since PHP 8.0 in /home/a1274454/domains/bizon-academy.ru/public_html/includes/payram.php on line 51
[30-Sep-2026 15:09:11 Asia/Tashkent] PHP Deprecated:  Function curl_close() is deprecated since 8.5, as it has no effect since PHP 8.0 in /home/a1274454/domains/bizon-academy.ru/public_html/includes/payram.php on line 51
[30-Sep-2026 15:10:11 Asia/Tashkent] PHP Deprecated:  Function curl_close() is deprecated since 8.5, as it has no effect since PHP 8.0 in /home/a1274454/domains/bizon-academy.ru/public_html/includes/payram.php on line 51
[30-Sep-2026 15:11:10 Asia/Tashkent] PHP Deprecated:  Function curl_close() is deprecated since 8.5, as it has no effect since PHP 8.0 in /home/a1274454/domains/bizon-academy.ru/public_html/includes/payram.php on line 51
[30-Sep-2026 15:12:10 Asia/Tashkent] PHP Deprecated:  Function curl_close() is deprecated since 8.5, as it has no effect since PHP 8.0 in /home/a1274454/domains/bizon-academy.ru/public_html/includes/payram.php on line 51
[30-Sep-2026 15:13:10 Asia/Tashkent] PHP Deprecated:  Function curl_close() is deprecated since 8.5, as it has no effect since PHP 8.0 in /home/a1274454/domains/bizon-academy.ru/public_html/includes/payram.php on line 51
[30-Sep-2026 15:14:11 Asia/Tashkent] PHP Deprecated:  Function curl_close() is deprecated since 8.5, as it has no effect since PHP 8.0 in /home/a1274454/domains/bizon-academy.ru/public_html/includes/payram.php on line 51
[30-Sep-2026 15:15:11 Asia/Tashkent] PHP Deprecated:  Function curl_close() is deprecated since 8.5, as it has no effect since PHP 8.0 in /home/a1274454/domains/bizon-academy.ru/public_html/includes/payram.php on line 51
[30-Sep-2026 15:15:20 Asia/Tashkent] PHP Deprecated:  Function curl_close() is deprecated since 8.5, as it has no effect since PHP 8.0 in /home/a1274454/domains/bizon-academy.ru/public_html/includes/payram.php on line 51
[30-Sep-2026 15:15:22 Asia/Tashkent] PHP Deprecated:  Function curl_close() is deprecated since 8.5, as it has no effect since PHP 8.0 in /home/a1274454/domains/bizon-academy.ru/public_html/includes/payram.php on line 51
[30-Sep-2026 15:15:28 Asia/Tashkent] PHP Deprecated:  Function curl_close() is deprecated since 8.5, as it has no effect since PHP 8.0 in /home/a1274454/domains/bizon-academy.ru/public_html/includes/payram.php on line 51
[30-Sep-2026 15:15:32 Asia/Tashkent] PHP Deprecated:  Function curl_close() is deprecated since 8.5, as it has no effect since PHP 8.0 in /home/a1274454/domains/bizon-academy.ru/public_html/includes/payram.php on line 51
[30-Sep-2026 15:15:51 Asia/Tashkent] PHP Deprecated:  Function curl_close() is deprecated since 8.5, as it has no effect since PHP 8.0 in /home/a1274454/domains/bizon-academy.ru/public_html/includes/payram.php on line 51
[30-Sep-2026 15:15:54 Asia/Tashkent] PHP Deprecated:  Function curl_close() is deprecated since 8.5, as it has no effect since PHP 8.0 in /home/a1274454/domains/bizon-academy.ru/public_html/includes/payram.php on line 51
[30-Sep-2026 15:15:55 Asia/Tashkent] PHP Deprecated:  Function curl_close() is deprecated since 8.5, as it has no effect since PHP 8.0 in /home/a1274454/domains/bizon-academy.ru/public_html/includes/payram.php on line 51
[30-Sep-2026 15:15:56 Asia/Tashkent] PHP Deprecated:  Function curl_close() is deprecated since 8.5, as it has no effect since PHP 8.0 in /home/a1274454/domains/bizon-academy.ru/public_html/includes/payram.php on line 51
[30-Sep-2026 15:15:57 Asia/Tashkent] PHP Deprecated:  Function curl_close() is deprecated since 8.5, as it has no effect since PHP 8.0 in /home/a1274454/domains/bizon-academy.ru/public_html/includes/payram.php on line 51
[30-Sep-2026 15:16:02 Asia/Tashkent] PHP Deprecated:  Function curl_close() is deprecated since 8.5, as it has no effect since PHP 8.0 in /home/a1274454/domains/bizon-academy.ru/public_html/includes/payram.php on line 51
[30-Sep-2026 15:16:07 Asia/Tashkent] PHP Deprecated:  Function curl_close() is deprecated since 8.5, as it has no effect since PHP 8.0 in /home/a1274454/domains/bizon-academy.ru/public_html/includes/payram.php on line 51
[30-Sep-2026 15:16:12 Asia/Tashkent] PHP Deprecated:  Function curl_close() is deprecated since 8.5, as it has no effect since PHP 8.0 in /home/a1274454/domains/bizon-academy.ru/public_html/includes/payram.php on line 51
[30-Sep-2026 15:16:17 Asia/Tashkent] PHP Deprecated:  Function curl_close() is deprecated since 8.5, as it has no effect since PHP 8.0 in /home/a1274454/domains/bizon-academy.ru/public_html/includes/payram.php on line 51
[30-Sep-2026 15:16:18 Asia/Tashkent] PHP Deprecated:  Function curl_close() is deprecated since 8.5, as it has no effect since PHP 8.0 in /home/a1274454/domains/bizon-academy.ru/public_html/includes/payram.php on line 51
[30-Sep-2026 15:16:22 Asia/Tashkent] PHP Deprecated:  Function curl_close() is deprecated since 8.5, as it has no effect since PHP 8.0 in /home/a1274454/domains/bizon-academy.ru/public_html/includes/payram.php on line 51
[30-Sep-2026 15:16:27 Asia/Tashkent] PHP Deprecated:  Function curl_close() is deprecated since 8.5, as it has no effect since PHP 8.0 in /home/a1274454/domains/bizon-academy.ru/public_html/includes/payram.php on line 51
[30-Sep-2026 15:16:32 Asia/Tashkent] PHP Deprecated:  Function curl_close() is deprecated since 8.5, as it has no effect since PHP 8.0 in /home/a1274454/domains/bizon-academy.ru/public_html/includes/payram.php on line 51
[30-Sep-2026 15:16:38 Asia/Tashkent] PHP Deprecated:  Function curl_close() is deprecated since 8.5, as it has no effect since PHP 8.0 in /home/a1274454/domains/bizon-academy.ru/public_html/includes/payram.php on line 51
[30-Sep-2026 15:16:43 Asia/Tashkent] PHP Deprecated:  Function curl_close() is deprecated since 8.5, as it has no effect since PHP 8.0 in /home/a1274454/domains/bizon-academy.ru/public_html/includes/payram.php on line 51
[30-Sep-2026 15:16:48 Asia/Tashkent] PHP Deprecated:  Function curl_close() is deprecated since 8.5, as it has no effect since PHP 8.0 in /home/a1274454/domains/bizon-academy.ru/public_html/includes/payram.php on line 51
[30-Sep-2026 15:16:53 Asia/Tashkent] PHP Deprecated:  Function curl_close() is deprecated since 8.5, as it has no effect since PHP 8.0 in /home/a1274454/domains/bizon-academy.ru/public_html/includes/payram.php on line 51
[30-Sep-2026 15:16:57 Asia/Tashkent] PHP Deprecated:  Function curl_close() is deprecated since 8.5, as it has no effect since PHP 8.0 in /home/a1274454/domains/bizon-academy.ru/public_html/includes/payram.php on line 51
[30-Sep-2026 15:17:02 Asia/Tashkent] PHP Deprecated:  Function curl_close() is deprecated since 8.5, as it has no effect since PHP 8.0 in /home/a1274454/domains/bizon-academy.ru/public_html/includes/payram.php on line 51
[30-Sep-2026 15:17:07 Asia/Tashkent] PHP Deprecated:  Function curl_close() is deprecated since 8.5, as it has no effect since PHP 8.0 in /home/a1274454/domains/bizon-academy.ru/public_html/includes/payram.php on line 51
[30-Sep-2026 15:17:12 Asia/Tashkent] PHP Deprecated:  Function curl_close() is deprecated since 8.5, as it has no effect since PHP 8.0 in /home/a1274454/domains/bizon-academy.ru/public_html/includes/payram.php on line 51
[30-Sep-2026 15:17:17 Asia/Tashkent] PHP Deprecated:  Function curl_close() is deprecated since 8.5, as it has no effect since PHP 8.0 in /home/a1274454/domains/bizon-academy.ru/public_html/includes/payram.php on line 51
[30-Sep-2026 15:17:23 Asia/Tashkent] PHP Deprecated:  Function curl_close() is deprecated since 8.5, as it has no effect since PHP 8.0 in /home/a1274454/domains/bizon-academy.ru/public_html/includes/payram.php on line 51
[30-Sep-2026 15:17:27 Asia/Tashkent] PHP Deprecated:  Function curl_close() is deprecated since 8.5, as it has no effect since PHP 8.0 in /home/a1274454/domains/bizon-academy.ru/public_html/includes/payram.php on line 51
[30-Sep-2026 15:17:32 Asia/Tashkent] PHP Deprecated:  Function curl_close() is deprecated since 8.5, as it has no effect since PHP 8.0 in /home/a1274454/domains/bizon-academy.ru/public_html/includes/payram.php on line 51
[30-Sep-2026 15:18:28 Asia/Tashkent] PHP Deprecated:  Function curl_close() is deprecated since 8.5, as it has no effect since PHP 8.0 in /home/a1274454/domains/bizon-academy.ru/public_html/includes/payram.php on line 51
[30-Sep-2026 15:18:36 Asia/Tashkent] PHP Deprecated:  Function curl_close() is deprecated since 8.5, as it has no effect since PHP 8.0 in /home/a1274454/domains/bizon-academy.ru/public_html/includes/payram.php on line 51
[30-Sep-2026 15:18:37 Asia/Tashkent] PHP Deprecated:  Function curl_close() is deprecated since 8.5, as it has no effect since PHP 8.0 in /home/a1274454/domains/bizon-academy.ru/public_html/includes/payram.php on line 51
[30-Sep-2026 15:18:42 Asia/Tashkent] PHP Deprecated:  Function curl_close() is deprecated since 8.5, as it has no effect since PHP 8.0 in /home/a1274454/domains/bizon-academy.ru/public_html/includes/payram.php on line 51
[30-Sep-2026 15:18:47 Asia/Tashkent] PHP Deprecated:  Function curl_close() is deprecated since 8.5, as it has no effect since PHP 8.0 in /home/a1274454/domains/bizon-academy.ru/public_html/includes/payram.php on line 51
[30-Sep-2026 15:18:52 Asia/Tashkent] PHP Deprecated:  Function curl_close() is deprecated since 8.5, as it has no effect since PHP 8.0 in /home/a1274454/domains/bizon-academy.ru/public_html/includes/payram.php on line 51
[30-Sep-2026 15:18:58 Asia/Tashkent] PHP Deprecated:  Function curl_close() is deprecated since 8.5, as it has no effect since PHP 8.0 in /home/a1274454/domains/bizon-academy.ru/public_html/includes/payram.php on line 51
[30-Sep-2026 15:19:03 Asia/Tashkent] PHP Deprecated:  Function curl_close() is deprecated since 8.5, as it has no effect since PHP 8.0 in /home/a1274454/domains/bizon-academy.ru/public_html/includes/payram.php on line 51
[30-Sep-2026 15:19:07 Asia/Tashkent] PHP Deprecated:  Function curl_close() is deprecated since 8.5, as it has no effect since PHP 8.0 in /home/a1274454/domains/bizon-academy.ru/public_html/includes/payram.php on line 51
[30-Sep-2026 15:19:12 Asia/Tashkent] PHP Deprecated:  Function curl_close() is deprecated since 8.5, as it has no effect since PHP 8.0 in /home/a1274454/domains/bizon-academy.ru/public_html/includes/payram.php on line 51
[30-Sep-2026 15:19:17 Asia/Tashkent] PHP Deprecated:  Function curl_close() is deprecated since 8.5, as it has no effect since PHP 8.0 in /home/a1274454/domains/bizon-academy.ru/public_html/includes/payram.php on line 51
[30-Sep-2026 15:19:22 Asia/Tashkent] PHP Deprecated:  Function curl_close() is deprecated since 8.5, as it has no effect since PHP 8.0 in /home/a1274454/domains/bizon-academy.ru/public_html/includes/payram.php on line 51
[30-Sep-2026 15:19:27 Asia/Tashkent] PHP Deprecated:  Function curl_close() is deprecated since 8.5, as it has no effect since PHP 8.0 in /home/a1274454/domains/bizon-academy.ru/public_html/includes/payram.php on line 51
[30-Sep-2026 15:19:32 Asia/Tashkent] PHP Deprecated:  Function curl_close() is deprecated since 8.5, as it has no effect since PHP 8.0 in /home/a1274454/domains/bizon-academy.ru/public_html/includes/payram.php on line 51
[30-Sep-2026 15:20:11 Asia/Tashkent] PHP Deprecated:  Function curl_close() is deprecated since 8.5, as it has no effect since PHP 8.0 in /home/a1274454/domains/bizon-academy.ru/public_html/includes/payram.php on line 51
[30-Sep-2026 15:21:11 Asia/Tashkent] PHP Deprecated:  Function curl_close() is deprecated since 8.5, as it has no effect since PHP 8.0 in /home/a1274454/domains/bizon-academy.ru/public_html/includes/payram.php on line 51
[30-Sep-2026 15:22:11 Asia/Tashkent] PHP Deprecated:  Function curl_close() is deprecated since 8.5, as it has no effect since PHP 8.0 in /home/a1274454/domains/bizon-academy.ru/public_html/includes/payram.php on line 51
[30-Sep-2026 15:23:11 Asia/Tashkent] PHP Deprecated:  Function curl_close() is deprecated since 8.5, as it has no effect since PHP 8.0 in /home/a1274454/domains/bizon-academy.ru/public_html/includes/payram.php on line 51
[30-Sep-2026 15:24:10 Asia/Tashkent] PHP Deprecated:  Function curl_close() is deprecated since 8.5, as it has no effect since PHP 8.0 in /home/a1274454/domains/bizon-academy.ru/public_html/includes/payram.php on line 51
[30-Sep-2026 15:25:10 Asia/Tashkent] PHP Deprecated:  Function curl_close() is deprecated since 8.5, as it has no effect since PHP 8.0 in /home/a1274454/domains/bizon-academy.ru/public_html/includes/payram.php on line 51
[30-Sep-2026 15:26:10 Asia/Tashkent] PHP Deprecated:  Function curl_close() is deprecated since 8.5, as it has no effect since PHP 8.0 in /home/a1274454/domains/bizon-academy.ru/public_html/includes/payram.php on line 51
[30-Sep-2026 15:27:10 Asia/Tashkent] PHP Deprecated:  Function curl_close() is deprecated since 8.5, as it has no effect since PHP 8.0 in /home/a1274454/domains/bizon-academy.ru/public_html/includes/payram.php on line 51
[30-Sep-2026 15:28:10 Asia/Tashkent] PHP Deprecated:  Function curl_close() is deprecated since 8.5, as it has no effect since PHP 8.0 in /home/a1274454/domains/bizon-academy.ru/public_html/includes/payram.php on line 51
[30-Sep-2026 15:29:15 Asia/Tashkent] PHP Deprecated:  Function curl_close() is deprecated since 8.5, as it has no effect since PHP 8.0 in /home/a1274454/domains/bizon-academy.ru/public_html/includes/payram.php on line 51
[30-Sep-2026 15:30:11 Asia/Tashkent] PHP Deprecated:  Function curl_close() is deprecated since 8.5, as it has no effect since PHP 8.0 in /home/a1274454/domains/bizon-academy.ru/public_html/includes/payram.php on line 51
[30-Sep-2026 15:31:10 Asia/Tashkent] PHP Deprecated:  Function curl_close() is deprecated since 8.5, as it has no effect since PHP 8.0 in /home/a1274454/domains/bizon-academy.ru/public_html/includes/payram.php on line 51
[30-Sep-2026 15:32:11 Asia/Tashkent] PHP Deprecated:  Function curl_close() is deprecated since 8.5, as it has no effect since PHP 8.0 in /home/a1274454/domains/bizon-academy.ru/public_html/includes/payram.php on line 51
[30-Sep-2026 15:33:10 Asia/Tashkent] PHP Deprecated:  Function curl_close() is deprecated since 8.5, as it has no effect since PHP 8.0 in /home/a1274454/domains/bizon-academy.ru/public_html/includes/payram.php on line 51
[30-Sep-2026 15:34:11 Asia/Tashkent] PHP Deprecated:  Function curl_close() is deprecated since 8.5, as it has no effect since PHP 8.0 in /home/a1274454/domains/bizon-academy.ru/public_html/includes/payram.php on line 51
[30-Sep-2026 15:35:10 Asia/Tashkent] PHP Deprecated:  Function curl_close() is deprecated since 8.5, as it has no effect since PHP 8.0 in /home/a1274454/domains/bizon-academy.ru/public_html/includes/payram.php on line 51
[30-Sep-2026 15:36:10 Asia/Tashkent] PHP Deprecated:  Function curl_close() is deprecated since 8.5, as it has no effect since PHP 8.0 in /home/a1274454/domains/bizon-academy.ru/public_html/includes/payram.php on line 51
[30-Sep-2026 15:37:10 Asia/Tashkent] PHP Deprecated:  Function curl_close() is deprecated since 8.5, as it has no effect since PHP 8.0 in /home/a1274454/domains/bizon-academy.ru/public_html/includes/payram.php on line 51
[30-Sep-2026 15:38:11 Asia/Tashkent] PHP Deprecated:  Function curl_close() is deprecated since 8.5, as it has no effect since PHP 8.0 in /home/a1274454/domains/bizon-academy.ru/public_html/includes/payram.php on line 51
[30-Sep-2026 15:39:11 Asia/Tashkent] PHP Deprecated:  Function curl_close() is deprecated since 8.5, as it has no effect since PHP 8.0 in /home/a1274454/domains/bizon-academy.ru/public_html/includes/payram.php on line 51
